Archive member included to satisfy reference by file (symbol)

c:/program files (x86)/gnu arm embedded toolchain/9 2020-q2-update/bin/../lib/gcc/arm-none-eabi/9.3.1/../../../../arm-none-eabi/lib/thumb/v7e-m+fp/hard\libc_nano.a(lib_a-exit.o)
                              c:/program files (x86)/gnu arm embedded toolchain/9 2020-q2-update/bin/../lib/gcc/arm-none-eabi/9.3.1/../../../../arm-none-eabi/lib/thumb/v7e-m+fp/hard/crt0.o (exit)
c:/program files (x86)/gnu arm embedded toolchain/9 2020-q2-update/bin/../lib/gcc/arm-none-eabi/9.3.1/../../../../arm-none-eabi/lib/thumb/v7e-m+fp/hard\libc_nano.a(lib_a-impure.o)
                              c:/program files (x86)/gnu arm embedded toolchain/9 2020-q2-update/bin/../lib/gcc/arm-none-eabi/9.3.1/../../../../arm-none-eabi/lib/thumb/v7e-m+fp/hard\libc_nano.a(lib_a-exit.o) (_global_impure_ptr)
c:/program files (x86)/gnu arm embedded toolchain/9 2020-q2-update/bin/../lib/gcc/arm-none-eabi/9.3.1/../../../../arm-none-eabi/lib/thumb/v7e-m+fp/hard\libc_nano.a(lib_a-init.o)
                              c:/program files (x86)/gnu arm embedded toolchain/9 2020-q2-update/bin/../lib/gcc/arm-none-eabi/9.3.1/../../../../arm-none-eabi/lib/thumb/v7e-m+fp/hard/crt0.o (__libc_init_array)
c:/program files (x86)/gnu arm embedded toolchain/9 2020-q2-update/bin/../lib/gcc/arm-none-eabi/9.3.1/../../../../arm-none-eabi/lib/thumb/v7e-m+fp/hard\libc_nano.a(lib_a-memset.o)
                              c:/program files (x86)/gnu arm embedded toolchain/9 2020-q2-update/bin/../lib/gcc/arm-none-eabi/9.3.1/../../../../arm-none-eabi/lib/thumb/v7e-m+fp/hard/crt0.o (memset)
c:/program files (x86)/gnu arm embedded toolchain/9 2020-q2-update/bin/../lib/gcc/arm-none-eabi/9.3.1/../../../../arm-none-eabi/lib/thumb/v7e-m+fp/hard\libnosys.a(_exit.o)
                              c:/program files (x86)/gnu arm embedded toolchain/9 2020-q2-update/bin/../lib/gcc/arm-none-eabi/9.3.1/../../../../arm-none-eabi/lib/thumb/v7e-m+fp/hard\libc_nano.a(lib_a-exit.o) (_exit)

Discarded input sections

 .text          0x00000000        0x0 c:/program files (x86)/gnu arm embedded toolchain/9 2020-q2-update/bin/../lib/gcc/arm-none-eabi/9.3.1/thumb/v7e-m+fp/hard/crti.o
 .data          0x00000000        0x0 c:/program files (x86)/gnu arm embedded toolchain/9 2020-q2-update/bin/../lib/gcc/arm-none-eabi/9.3.1/thumb/v7e-m+fp/hard/crti.o
 .bss           0x00000000        0x0 c:/program files (x86)/gnu arm embedded toolchain/9 2020-q2-update/bin/../lib/gcc/arm-none-eabi/9.3.1/thumb/v7e-m+fp/hard/crti.o
 .data          0x00000000        0x4 c:/program files (x86)/gnu arm embedded toolchain/9 2020-q2-update/bin/../lib/gcc/arm-none-eabi/9.3.1/thumb/v7e-m+fp/hard/crtbegin.o
 .text          0x00000000       0x7c c:/program files (x86)/gnu arm embedded toolchain/9 2020-q2-update/bin/../lib/gcc/arm-none-eabi/9.3.1/../../../../arm-none-eabi/lib/thumb/v7e-m+fp/hard/crt0.o
 .data          0x00000000        0x0 c:/program files (x86)/gnu arm embedded toolchain/9 2020-q2-update/bin/../lib/gcc/arm-none-eabi/9.3.1/../../../../arm-none-eabi/lib/thumb/v7e-m+fp/hard/crt0.o
 .bss           0x00000000        0x0 c:/program files (x86)/gnu arm embedded toolchain/9 2020-q2-update/bin/../lib/gcc/arm-none-eabi/9.3.1/../../../../arm-none-eabi/lib/thumb/v7e-m+fp/hard/crt0.o
 .ARM.extab     0x00000000        0x0 c:/program files (x86)/gnu arm embedded toolchain/9 2020-q2-update/bin/../lib/gcc/arm-none-eabi/9.3.1/../../../../arm-none-eabi/lib/thumb/v7e-m+fp/hard/crt0.o
 .ARM.exidx     0x00000000       0x10 c:/program files (x86)/gnu arm embedded toolchain/9 2020-q2-update/bin/../lib/gcc/arm-none-eabi/9.3.1/../../../../arm-none-eabi/lib/thumb/v7e-m+fp/hard/crt0.o
 .ARM.attributes
                0x00000000       0x1c c:/program files (x86)/gnu arm embedded toolchain/9 2020-q2-update/bin/../lib/gcc/arm-none-eabi/9.3.1/../../../../arm-none-eabi/lib/thumb/v7e-m+fp/hard/crt0.o
 .text          0x00000000        0x0 c:/program files (x86)/gnu arm embedded toolchain/9 2020-q2-update/bin/../lib/gcc/arm-none-eabi/9.3.1/../../../../arm-none-eabi/lib/thumb/v7e-m+fp/hard\libc_nano.a(lib_a-exit.o)
 .data          0x00000000        0x0 c:/program files (x86)/gnu arm embedded toolchain/9 2020-q2-update/bin/../lib/gcc/arm-none-eabi/9.3.1/../../../../arm-none-eabi/lib/thumb/v7e-m+fp/hard\libc_nano.a(lib_a-exit.o)
 .bss           0x00000000        0x0 c:/program files (x86)/gnu arm embedded toolchain/9 2020-q2-update/bin/../lib/gcc/arm-none-eabi/9.3.1/../../../../arm-none-eabi/lib/thumb/v7e-m+fp/hard\libc_nano.a(lib_a-exit.o)
 .text.exit     0x00000000       0x28 c:/program files (x86)/gnu arm embedded toolchain/9 2020-q2-update/bin/../lib/gcc/arm-none-eabi/9.3.1/../../../../arm-none-eabi/lib/thumb/v7e-m+fp/hard\libc_nano.a(lib_a-exit.o)
 .debug_frame   0x00000000       0x28 c:/program files (x86)/gnu arm embedded toolchain/9 2020-q2-update/bin/../lib/gcc/arm-none-eabi/9.3.1/../../../../arm-none-eabi/lib/thumb/v7e-m+fp/hard\libc_nano.a(lib_a-exit.o)
 .ARM.attributes
                0x00000000       0x34 c:/program files (x86)/gnu arm embedded toolchain/9 2020-q2-update/bin/../lib/gcc/arm-none-eabi/9.3.1/../../../../arm-none-eabi/lib/thumb/v7e-m+fp/hard\libc_nano.a(lib_a-exit.o)
 .text          0x00000000        0x0 c:/program files (x86)/gnu arm embedded toolchain/9 2020-q2-update/bin/../lib/gcc/arm-none-eabi/9.3.1/../../../../arm-none-eabi/lib/thumb/v7e-m+fp/hard\libc_nano.a(lib_a-impure.o)
 .data          0x00000000        0x0 c:/program files (x86)/gnu arm embedded toolchain/9 2020-q2-update/bin/../lib/gcc/arm-none-eabi/9.3.1/../../../../arm-none-eabi/lib/thumb/v7e-m+fp/hard\libc_nano.a(lib_a-impure.o)
 .bss           0x00000000        0x0 c:/program files (x86)/gnu arm embedded toolchain/9 2020-q2-update/bin/../lib/gcc/arm-none-eabi/9.3.1/../../../../arm-none-eabi/lib/thumb/v7e-m+fp/hard\libc_nano.a(lib_a-impure.o)
 .data._impure_ptr
                0x00000000        0x4 c:/program files (x86)/gnu arm embedded toolchain/9 2020-q2-update/bin/../lib/gcc/arm-none-eabi/9.3.1/../../../../arm-none-eabi/lib/thumb/v7e-m+fp/hard\libc_nano.a(lib_a-impure.o)
 .data.impure_data
                0x00000000       0x60 c:/program files (x86)/gnu arm embedded toolchain/9 2020-q2-update/bin/../lib/gcc/arm-none-eabi/9.3.1/../../../../arm-none-eabi/lib/thumb/v7e-m+fp/hard\libc_nano.a(lib_a-impure.o)
 .rodata._global_impure_ptr
                0x00000000        0x4 c:/program files (x86)/gnu arm embedded toolchain/9 2020-q2-update/bin/../lib/gcc/arm-none-eabi/9.3.1/../../../../arm-none-eabi/lib/thumb/v7e-m+fp/hard\libc_nano.a(lib_a-impure.o)
 .ARM.attributes
                0x00000000       0x32 c:/program files (x86)/gnu arm embedded toolchain/9 2020-q2-update/bin/../lib/gcc/arm-none-eabi/9.3.1/../../../../arm-none-eabi/lib/thumb/v7e-m+fp/hard\libc_nano.a(lib_a-impure.o)
 .text          0x00000000        0x0 c:/program files (x86)/gnu arm embedded toolchain/9 2020-q2-update/bin/../lib/gcc/arm-none-eabi/9.3.1/../../../../arm-none-eabi/lib/thumb/v7e-m+fp/hard\libc_nano.a(lib_a-init.o)
 .data          0x00000000        0x0 c:/program files (x86)/gnu arm embedded toolchain/9 2020-q2-update/bin/../lib/gcc/arm-none-eabi/9.3.1/../../../../arm-none-eabi/lib/thumb/v7e-m+fp/hard\libc_nano.a(lib_a-init.o)
 .bss           0x00000000        0x0 c:/program files (x86)/gnu arm embedded toolchain/9 2020-q2-update/bin/../lib/gcc/arm-none-eabi/9.3.1/../../../../arm-none-eabi/lib/thumb/v7e-m+fp/hard\libc_nano.a(lib_a-init.o)
 .text          0x00000000        0x0 c:/program files (x86)/gnu arm embedded toolchain/9 2020-q2-update/bin/../lib/gcc/arm-none-eabi/9.3.1/../../../../arm-none-eabi/lib/thumb/v7e-m+fp/hard\libc_nano.a(lib_a-memset.o)
 .data          0x00000000        0x0 c:/program files (x86)/gnu arm embedded toolchain/9 2020-q2-update/bin/../lib/gcc/arm-none-eabi/9.3.1/../../../../arm-none-eabi/lib/thumb/v7e-m+fp/hard\libc_nano.a(lib_a-memset.o)
 .bss           0x00000000        0x0 c:/program files (x86)/gnu arm embedded toolchain/9 2020-q2-update/bin/../lib/gcc/arm-none-eabi/9.3.1/../../../../arm-none-eabi/lib/thumb/v7e-m+fp/hard\libc_nano.a(lib_a-memset.o)
 .text.memset   0x00000000       0x10 c:/program files (x86)/gnu arm embedded toolchain/9 2020-q2-update/bin/../lib/gcc/arm-none-eabi/9.3.1/../../../../arm-none-eabi/lib/thumb/v7e-m+fp/hard\libc_nano.a(lib_a-memset.o)
 .debug_frame   0x00000000       0x20 c:/program files (x86)/gnu arm embedded toolchain/9 2020-q2-update/bin/../lib/gcc/arm-none-eabi/9.3.1/../../../../arm-none-eabi/lib/thumb/v7e-m+fp/hard\libc_nano.a(lib_a-memset.o)
 .ARM.attributes
                0x00000000       0x34 c:/program files (x86)/gnu arm embedded toolchain/9 2020-q2-update/bin/../lib/gcc/arm-none-eabi/9.3.1/../../../../arm-none-eabi/lib/thumb/v7e-m+fp/hard\libc_nano.a(lib_a-memset.o)
 .text          0x00000000       0x14 CMakeFiles/main.elf.dir/application/startup_stm32f412retx.s.obj
 .data          0x00000000        0x0 CMakeFiles/main.elf.dir/application/startup_stm32f412retx.s.obj
 .bss           0x00000000        0x0 CMakeFiles/main.elf.dir/application/startup_stm32f412retx.s.obj
 .group         0x00000000        0xc CMakeFiles/main.elf.dir/application/main.c.obj
 .group         0x00000000        0xc CMakeFiles/main.elf.dir/application/main.c.obj
 .group         0x00000000        0xc CMakeFiles/main.elf.dir/application/main.c.obj
 .group         0x00000000        0xc CMakeFiles/main.elf.dir/application/main.c.obj
 .group         0x00000000        0xc CMakeFiles/main.elf.dir/application/main.c.obj
 .group         0x00000000        0xc CMakeFiles/main.elf.dir/application/main.c.obj
 .group         0x00000000        0xc CMakeFiles/main.elf.dir/application/main.c.obj
 .group         0x00000000        0xc CMakeFiles/main.elf.dir/application/main.c.obj
 .group         0x00000000        0xc CMakeFiles/main.elf.dir/application/main.c.obj
 .group         0x00000000        0xc CMakeFiles/main.elf.dir/application/main.c.obj
 .group         0x00000000        0xc CMakeFiles/main.elf.dir/application/main.c.obj
 .group         0x00000000        0xc CMakeFiles/main.elf.dir/application/main.c.obj
 .group         0x00000000        0xc CMakeFiles/main.elf.dir/application/main.c.obj
 .group         0x00000000        0xc CMakeFiles/main.elf.dir/application/main.c.obj
 .group         0x00000000        0xc CMakeFiles/main.elf.dir/application/main.c.obj
 .group         0x00000000        0xc CMakeFiles/main.elf.dir/application/main.c.obj
 .text          0x00000000        0x0 CMakeFiles/main.elf.dir/application/main.c.obj
 .data          0x00000000        0x0 CMakeFiles/main.elf.dir/application/main.c.obj
 .bss           0x00000000        0x0 CMakeFiles/main.elf.dir/application/main.c.obj
 .group         0x00000000        0xc CMakeFiles/main.elf.dir/drivers/system_stm32f4xx.c.obj
 .group         0x00000000        0xc CMakeFiles/main.elf.dir/drivers/system_stm32f4xx.c.obj
 .group         0x00000000        0xc CMakeFiles/main.elf.dir/drivers/system_stm32f4xx.c.obj
 .group         0x00000000        0xc CMakeFiles/main.elf.dir/drivers/system_stm32f4xx.c.obj
 .group         0x00000000        0xc CMakeFiles/main.elf.dir/drivers/system_stm32f4xx.c.obj
 .group         0x00000000        0xc CMakeFiles/main.elf.dir/drivers/system_stm32f4xx.c.obj
 .group         0x00000000        0xc CMakeFiles/main.elf.dir/drivers/system_stm32f4xx.c.obj
 .group         0x00000000        0xc CMakeFiles/main.elf.dir/drivers/system_stm32f4xx.c.obj
 .group         0x00000000        0xc CMakeFiles/main.elf.dir/drivers/system_stm32f4xx.c.obj
 .group         0x00000000        0xc CMakeFiles/main.elf.dir/drivers/system_stm32f4xx.c.obj
 .group         0x00000000        0xc CMakeFiles/main.elf.dir/drivers/system_stm32f4xx.c.obj
 .group         0x00000000        0xc CMakeFiles/main.elf.dir/drivers/system_stm32f4xx.c.obj
 .group         0x00000000        0xc CMakeFiles/main.elf.dir/drivers/system_stm32f4xx.c.obj
 .group         0x00000000        0xc CMakeFiles/main.elf.dir/drivers/system_stm32f4xx.c.obj
 .group         0x00000000        0xc CMakeFiles/main.elf.dir/drivers/system_stm32f4xx.c.obj
 .group         0x00000000        0xc CMakeFiles/main.elf.dir/drivers/system_stm32f4xx.c.obj
 .text          0x00000000        0x0 CMakeFiles/main.elf.dir/drivers/system_stm32f4xx.c.obj
 .data          0x00000000        0x0 CMakeFiles/main.elf.dir/drivers/system_stm32f4xx.c.obj
 .bss           0x00000000        0x0 CMakeFiles/main.elf.dir/drivers/system_stm32f4xx.c.obj
 .data.SystemCoreClock
                0x00000000        0x4 CMakeFiles/main.elf.dir/drivers/system_stm32f4xx.c.obj
 .rodata.AHBPrescTable
                0x00000000       0x10 CMakeFiles/main.elf.dir/drivers/system_stm32f4xx.c.obj
 .rodata.APBPrescTable
                0x00000000        0x8 CMakeFiles/main.elf.dir/drivers/system_stm32f4xx.c.obj
 .text.SystemCoreClockUpdate
                0x00000000      0x100 CMakeFiles/main.elf.dir/drivers/system_stm32f4xx.c.obj
 .debug_macro   0x00000000      0xa9c CMakeFiles/main.elf.dir/drivers/system_stm32f4xx.c.obj
 .debug_macro   0x00000000       0x2e CMakeFiles/main.elf.dir/drivers/system_stm32f4xx.c.obj
 .debug_macro   0x00000000       0x28 CMakeFiles/main.elf.dir/drivers/system_stm32f4xx.c.obj
 .debug_macro   0x00000000       0x22 CMakeFiles/main.elf.dir/drivers/system_stm32f4xx.c.obj
 .debug_macro   0x00000000       0x56 CMakeFiles/main.elf.dir/drivers/system_stm32f4xx.c.obj
 .debug_macro   0x00000000       0x51 CMakeFiles/main.elf.dir/drivers/system_stm32f4xx.c.obj
 .debug_macro   0x00000000      0x103 CMakeFiles/main.elf.dir/drivers/system_stm32f4xx.c.obj
 .debug_macro   0x00000000       0x6a CMakeFiles/main.elf.dir/drivers/system_stm32f4xx.c.obj
 .debug_macro   0x00000000      0x1df CMakeFiles/main.elf.dir/drivers/system_stm32f4xx.c.obj
 .debug_macro   0x00000000       0x1c CMakeFiles/main.elf.dir/drivers/system_stm32f4xx.c.obj
 .debug_macro   0x00000000       0x22 CMakeFiles/main.elf.dir/drivers/system_stm32f4xx.c.obj
 .debug_macro   0x00000000       0xdf CMakeFiles/main.elf.dir/drivers/system_stm32f4xx.c.obj
 .debug_macro   0x00000000     0x102d CMakeFiles/main.elf.dir/drivers/system_stm32f4xx.c.obj
 .debug_macro   0x00000000      0x11f CMakeFiles/main.elf.dir/drivers/system_stm32f4xx.c.obj
 .debug_macro   0x00000000    0x1469c CMakeFiles/main.elf.dir/drivers/system_stm32f4xx.c.obj
 .debug_macro   0x00000000       0x6d CMakeFiles/main.elf.dir/drivers/system_stm32f4xx.c.obj
 .text          0x00000000        0x0 c:/program files (x86)/gnu arm embedded toolchain/9 2020-q2-update/bin/../lib/gcc/arm-none-eabi/9.3.1/../../../../arm-none-eabi/lib/thumb/v7e-m+fp/hard\libnosys.a(_exit.o)
 .data          0x00000000        0x0 c:/program files (x86)/gnu arm embedded toolchain/9 2020-q2-update/bin/../lib/gcc/arm-none-eabi/9.3.1/../../../../arm-none-eabi/lib/thumb/v7e-m+fp/hard\libnosys.a(_exit.o)
 .bss           0x00000000        0x0 c:/program files (x86)/gnu arm embedded toolchain/9 2020-q2-update/bin/../lib/gcc/arm-none-eabi/9.3.1/../../../../arm-none-eabi/lib/thumb/v7e-m+fp/hard\libnosys.a(_exit.o)
 .text._exit    0x00000000        0x4 c:/program files (x86)/gnu arm embedded toolchain/9 2020-q2-update/bin/../lib/gcc/arm-none-eabi/9.3.1/../../../../arm-none-eabi/lib/thumb/v7e-m+fp/hard\libnosys.a(_exit.o)
 .debug_frame   0x00000000       0x20 c:/program files (x86)/gnu arm embedded toolchain/9 2020-q2-update/bin/../lib/gcc/arm-none-eabi/9.3.1/../../../../arm-none-eabi/lib/thumb/v7e-m+fp/hard\libnosys.a(_exit.o)
 .ARM.attributes
                0x00000000       0x34 c:/program files (x86)/gnu arm embedded toolchain/9 2020-q2-update/bin/../lib/gcc/arm-none-eabi/9.3.1/../../../../arm-none-eabi/lib/thumb/v7e-m+fp/hard\libnosys.a(_exit.o)
 .text          0x00000000        0x0 c:/program files (x86)/gnu arm embedded toolchain/9 2020-q2-update/bin/../lib/gcc/arm-none-eabi/9.3.1/thumb/v7e-m+fp/hard/crtend.o
 .data          0x00000000        0x0 c:/program files (x86)/gnu arm embedded toolchain/9 2020-q2-update/bin/../lib/gcc/arm-none-eabi/9.3.1/thumb/v7e-m+fp/hard/crtend.o
 .bss           0x00000000        0x0 c:/program files (x86)/gnu arm embedded toolchain/9 2020-q2-update/bin/../lib/gcc/arm-none-eabi/9.3.1/thumb/v7e-m+fp/hard/crtend.o
 .eh_frame      0x00000000        0x4 c:/program files (x86)/gnu arm embedded toolchain/9 2020-q2-update/bin/../lib/gcc/arm-none-eabi/9.3.1/thumb/v7e-m+fp/hard/crtend.o
 .ARM.attributes
                0x00000000       0x32 c:/program files (x86)/gnu arm embedded toolchain/9 2020-q2-update/bin/../lib/gcc/arm-none-eabi/9.3.1/thumb/v7e-m+fp/hard/crtend.o
 .text          0x00000000        0x0 c:/program files (x86)/gnu arm embedded toolchain/9 2020-q2-update/bin/../lib/gcc/arm-none-eabi/9.3.1/thumb/v7e-m+fp/hard/crtn.o
 .data          0x00000000        0x0 c:/program files (x86)/gnu arm embedded toolchain/9 2020-q2-update/bin/../lib/gcc/arm-none-eabi/9.3.1/thumb/v7e-m+fp/hard/crtn.o
 .bss           0x00000000        0x0 c:/program files (x86)/gnu arm embedded toolchain/9 2020-q2-update/bin/../lib/gcc/arm-none-eabi/9.3.1/thumb/v7e-m+fp/hard/crtn.o

Memory Configuration

Name             Origin             Length             Attributes
RAM              0x20000000         0x00040000         xrw
FLASH            0x08000000         0x00080000         xr
*default*        0x00000000         0xffffffff

Linker script and memory map

LOAD c:/program files (x86)/gnu arm embedded toolchain/9 2020-q2-update/bin/../lib/gcc/arm-none-eabi/9.3.1/thumb/v7e-m+fp/hard/crti.o
LOAD c:/program files (x86)/gnu arm embedded toolchain/9 2020-q2-update/bin/../lib/gcc/arm-none-eabi/9.3.1/thumb/v7e-m+fp/hard/crtbegin.o
LOAD c:/program files (x86)/gnu arm embedded toolchain/9 2020-q2-update/bin/../lib/gcc/arm-none-eabi/9.3.1/../../../../arm-none-eabi/lib/thumb/v7e-m+fp/hard/crt0.o
START GROUP
LOAD c:/program files (x86)/gnu arm embedded toolchain/9 2020-q2-update/bin/../lib/gcc/arm-none-eabi/9.3.1/../../../../arm-none-eabi/lib/thumb/v7e-m+fp/hard\libc_nano.a
LOAD c:/program files (x86)/gnu arm embedded toolchain/9 2020-q2-update/bin/../lib/gcc/arm-none-eabi/9.3.1/../../../../arm-none-eabi/lib/thumb/v7e-m+fp/hard\libm.a
END GROUP
LOAD CMakeFiles/main.elf.dir/application/startup_stm32f412retx.s.obj
LOAD CMakeFiles/main.elf.dir/application/main.c.obj
LOAD CMakeFiles/main.elf.dir/drivers/system_stm32f4xx.c.obj
START GROUP
LOAD c:/program files (x86)/gnu arm embedded toolchain/9 2020-q2-update/bin/../lib/gcc/arm-none-eabi/9.3.1/thumb/v7e-m+fp/hard\libgcc.a
LOAD c:/program files (x86)/gnu arm embedded toolchain/9 2020-q2-update/bin/../lib/gcc/arm-none-eabi/9.3.1/../../../../arm-none-eabi/lib/thumb/v7e-m+fp/hard\libc_nano.a
END GROUP
START GROUP
LOAD c:/program files (x86)/gnu arm embedded toolchain/9 2020-q2-update/bin/../lib/gcc/arm-none-eabi/9.3.1/thumb/v7e-m+fp/hard\libgcc.a
LOAD c:/program files (x86)/gnu arm embedded toolchain/9 2020-q2-update/bin/../lib/gcc/arm-none-eabi/9.3.1/../../../../arm-none-eabi/lib/thumb/v7e-m+fp/hard\libc_nano.a
LOAD c:/program files (x86)/gnu arm embedded toolchain/9 2020-q2-update/bin/../lib/gcc/arm-none-eabi/9.3.1/../../../../arm-none-eabi/lib/thumb/v7e-m+fp/hard\libnosys.a
END GROUP
START GROUP
LOAD c:/program files (x86)/gnu arm embedded toolchain/9 2020-q2-update/bin/../lib/gcc/arm-none-eabi/9.3.1/thumb/v7e-m+fp/hard\libgcc.a
LOAD c:/program files (x86)/gnu arm embedded toolchain/9 2020-q2-update/bin/../lib/gcc/arm-none-eabi/9.3.1/../../../../arm-none-eabi/lib/thumb/v7e-m+fp/hard\libc_nano.a
LOAD c:/program files (x86)/gnu arm embedded toolchain/9 2020-q2-update/bin/../lib/gcc/arm-none-eabi/9.3.1/../../../../arm-none-eabi/lib/thumb/v7e-m+fp/hard\libnosys.a
END GROUP
LOAD c:/program files (x86)/gnu arm embedded toolchain/9 2020-q2-update/bin/../lib/gcc/arm-none-eabi/9.3.1/thumb/v7e-m+fp/hard/crtend.o
LOAD c:/program files (x86)/gnu arm embedded toolchain/9 2020-q2-update/bin/../lib/gcc/arm-none-eabi/9.3.1/thumb/v7e-m+fp/hard/crtn.o
                0x20040000                _estack = (ORIGIN (RAM) + LENGTH (RAM))
                0x00000200                _Min_Heap_Size = 0x200
                0x00000400                _Min_Stack_Size = 0x400

.isr_vector     0x08000000      0x1c4
                0x08000000                . = ALIGN (0x4)
 *(.isr_vector)
 .isr_vector    0x08000000      0x1c4 CMakeFiles/main.elf.dir/application/startup_stm32f412retx.s.obj
                0x08000000                g_pfnVectors
                0x080001c4                . = ALIGN (0x4)

.text           0x080001c4      0x11c
                0x080001c4                . = ALIGN (0x4)
 *(.text)
 .text          0x080001c4       0x40 c:/program files (x86)/gnu arm embedded toolchain/9 2020-q2-update/bin/../lib/gcc/arm-none-eabi/9.3.1/thumb/v7e-m+fp/hard/crtbegin.o
 *(.text*)
 .text.__libc_init_array
                0x08000204       0x48 c:/program files (x86)/gnu arm embedded toolchain/9 2020-q2-update/bin/../lib/gcc/arm-none-eabi/9.3.1/../../../../arm-none-eabi/lib/thumb/v7e-m+fp/hard\libc_nano.a(lib_a-init.o)
                0x08000204                __libc_init_array
 .text.Reset_Handler
                0x0800024c       0x50 CMakeFiles/main.elf.dir/application/startup_stm32f412retx.s.obj
                0x0800024c                Reset_Handler
 .text.Default_Handler
                0x0800029c        0x2 CMakeFiles/main.elf.dir/application/startup_stm32f412retx.s.obj
                0x0800029c                RTC_Alarm_IRQHandler
                0x0800029c                EXTI2_IRQHandler
                0x0800029c                TIM8_CC_IRQHandler
                0x0800029c                DebugMon_Handler
                0x0800029c                FMPI2C1_EV_IRQHandler
                0x0800029c                SPI4_IRQHandler
                0x0800029c                TIM1_CC_IRQHandler
                0x0800029c                DMA2_Stream5_IRQHandler
                0x0800029c                HardFault_Handler
                0x0800029c                DMA1_Stream5_IRQHandler
                0x0800029c                TIM6_IRQHandler
                0x0800029c                SysTick_Handler
                0x0800029c                PVD_IRQHandler
                0x0800029c                SDIO_IRQHandler
                0x0800029c                TAMP_STAMP_IRQHandler
                0x0800029c                PendSV_Handler
                0x0800029c                NMI_Handler
                0x0800029c                CAN2_RX1_IRQHandler
                0x0800029c                EXTI3_IRQHandler
                0x0800029c                TIM8_TRG_COM_TIM14_IRQHandler
                0x0800029c                DFSDM1_FLT1_IRQHandler
                0x0800029c                TIM1_UP_TIM10_IRQHandler
                0x0800029c                TIM8_UP_TIM13_IRQHandler
                0x0800029c                I2C3_ER_IRQHandler
                0x0800029c                EXTI0_IRQHandler
                0x0800029c                I2C2_EV_IRQHandler
                0x0800029c                DMA1_Stream2_IRQHandler
                0x0800029c                CAN1_RX0_IRQHandler
                0x0800029c                FPU_IRQHandler
                0x0800029c                UsageFault_Handler
                0x0800029c                CAN2_SCE_IRQHandler
                0x0800029c                DMA2_Stream2_IRQHandler
                0x0800029c                SPI1_IRQHandler
                0x0800029c                TIM1_BRK_TIM9_IRQHandler
                0x0800029c                CAN2_RX0_IRQHandler
                0x0800029c                DMA2_Stream3_IRQHandler
                0x0800029c                USART6_IRQHandler
                0x0800029c                USART3_IRQHandler
                0x0800029c                CAN1_RX1_IRQHandler
                0x0800029c                DMA2_Stream0_IRQHandler
                0x0800029c                TIM4_IRQHandler
                0x0800029c                QUADSPI_IRQHandler
                0x0800029c                I2C1_EV_IRQHandler
                0x0800029c                DMA1_Stream6_IRQHandler
                0x0800029c                DMA1_Stream1_IRQHandler
                0x0800029c                TIM3_IRQHandler
                0x0800029c                RCC_IRQHandler
                0x0800029c                TIM8_BRK_TIM12_IRQHandler
                0x0800029c                Default_Handler
                0x0800029c                EXTI15_10_IRQHandler
                0x0800029c                ADC_IRQHandler
                0x0800029c                DMA1_Stream7_IRQHandler
                0x0800029c                SPI5_IRQHandler
                0x0800029c                TIM7_IRQHandler
                0x0800029c                CAN2_TX_IRQHandler
                0x0800029c                TIM5_IRQHandler
                0x0800029c                DMA2_Stream7_IRQHandler
                0x0800029c                I2C3_EV_IRQHandler
                0x0800029c                EXTI9_5_IRQHandler
                0x0800029c                RTC_WKUP_IRQHandler
                0x0800029c                SPI2_IRQHandler
                0x0800029c                MemManage_Handler
                0x0800029c                DMA1_Stream0_IRQHandler
                0x0800029c                CAN1_TX_IRQHandler
                0x0800029c                SVC_Handler
                0x0800029c                FMPI2C1_ER_IRQHandler
                0x0800029c                EXTI4_IRQHandler
                0x0800029c                RNG_IRQHandler
                0x0800029c                WWDG_IRQHandler
                0x0800029c                TIM2_IRQHandler
                0x0800029c                OTG_FS_WKUP_IRQHandler
                0x0800029c                TIM1_TRG_COM_TIM11_IRQHandler
                0x0800029c                EXTI1_IRQHandler
                0x0800029c                USART2_IRQHandler
                0x0800029c                DFSDM1_FLT0_IRQHandler
                0x0800029c                I2C2_ER_IRQHandler
                0x0800029c                DMA2_Stream1_IRQHandler
                0x0800029c                CAN1_SCE_IRQHandler
                0x0800029c                FLASH_IRQHandler
                0x0800029c                DMA2_Stream4_IRQHandler
                0x0800029c                BusFault_Handler
                0x0800029c                USART1_IRQHandler
                0x0800029c                OTG_FS_IRQHandler
                0x0800029c                SPI3_IRQHandler
                0x0800029c                DMA1_Stream4_IRQHandler
                0x0800029c                I2C1_ER_IRQHandler
                0x0800029c                DMA2_Stream6_IRQHandler
                0x0800029c                DMA1_Stream3_IRQHandler
 .text.main     0x0800029e        0x6 CMakeFiles/main.elf.dir/application/main.c.obj
                0x0800029e                main
 .text.SystemInit
                0x080002a4       0x24 CMakeFiles/main.elf.dir/drivers/system_stm32f4xx.c.obj
                0x080002a4                SystemInit
 *(.glue_7)
 .glue_7        0x080002c8        0x0 linker stubs
 *(.glue_7t)
 .glue_7t       0x080002c8        0x0 linker stubs
 *(.eh_frame)
 .eh_frame      0x080002c8        0x0 c:/program files (x86)/gnu arm embedded toolchain/9 2020-q2-update/bin/../lib/gcc/arm-none-eabi/9.3.1/thumb/v7e-m+fp/hard/crtbegin.o
 *(.init)
 .init          0x080002c8        0x4 c:/program files (x86)/gnu arm embedded toolchain/9 2020-q2-update/bin/../lib/gcc/arm-none-eabi/9.3.1/thumb/v7e-m+fp/hard/crti.o
                0x080002c8                _init
 .init          0x080002cc        0x8 c:/program files (x86)/gnu arm embedded toolchain/9 2020-q2-update/bin/../lib/gcc/arm-none-eabi/9.3.1/thumb/v7e-m+fp/hard/crtn.o
 *(.fini)
 .fini          0x080002d4        0x4 c:/program files (x86)/gnu arm embedded toolchain/9 2020-q2-update/bin/../lib/gcc/arm-none-eabi/9.3.1/thumb/v7e-m+fp/hard/crti.o
                0x080002d4                _fini
 .fini          0x080002d8        0x8 c:/program files (x86)/gnu arm embedded toolchain/9 2020-q2-update/bin/../lib/gcc/arm-none-eabi/9.3.1/thumb/v7e-m+fp/hard/crtn.o
                0x080002e0                . = ALIGN (0x4)
                0x080002e0                _etext = .

.vfp11_veneer   0x080002e0        0x0
 .vfp11_veneer  0x080002e0        0x0 linker stubs

.v4_bx          0x080002e0        0x0
 .v4_bx         0x080002e0        0x0 linker stubs

.iplt           0x080002e0        0x0
 .iplt          0x080002e0        0x0 c:/program files (x86)/gnu arm embedded toolchain/9 2020-q2-update/bin/../lib/gcc/arm-none-eabi/9.3.1/thumb/v7e-m+fp/hard/crtbegin.o

.rel.dyn        0x080002e0        0x0
 .rel.iplt      0x080002e0        0x0 c:/program files (x86)/gnu arm embedded toolchain/9 2020-q2-update/bin/../lib/gcc/arm-none-eabi/9.3.1/thumb/v7e-m+fp/hard/crtbegin.o

.rodata         0x080002e0        0x0
                0x080002e0                . = ALIGN (0x4)
 *(.rodata)
 *(.rodata*)
                0x080002e0                . = ALIGN (0x4)

.ARM.extab      0x080002e0        0x0
                0x080002e0                . = ALIGN (0x4)
 *(.ARM.extab* .gnu.linkonce.armextab.*)
                0x080002e0                . = ALIGN (0x4)

.ARM            0x080002e0        0x0
                0x080002e0                . = ALIGN (0x4)
                0x080002e0                __exidx_start = .
 *(.ARM.exidx*)
                0x080002e0                __exidx_end = .
                0x080002e0                . = ALIGN (0x4)

.preinit_array  0x080002e0        0x0
                0x080002e0                . = ALIGN (0x4)
                0x080002e0                PROVIDE (__preinit_array_start = .)
 *(.preinit_array*)
                0x080002e0                PROVIDE (__preinit_array_end = .)
                0x080002e0                . = ALIGN (0x4)

.init_array     0x080002e0        0x4
                0x080002e0                . = ALIGN (0x4)
                0x080002e0                PROVIDE (__init_array_start = .)
 *(SORT_BY_NAME(.init_array.*))
 *(.init_array*)
 .init_array    0x080002e0        0x4 c:/program files (x86)/gnu arm embedded toolchain/9 2020-q2-update/bin/../lib/gcc/arm-none-eabi/9.3.1/thumb/v7e-m+fp/hard/crtbegin.o
                0x080002e4                PROVIDE (__init_array_end = .)
                0x080002e4                . = ALIGN (0x4)

.fini_array     0x080002e4        0x4
                0x080002e4                . = ALIGN (0x4)
                [!provide]                PROVIDE (__fini_array_start = .)
 *(SORT_BY_NAME(.fini_array.*))
 *(.fini_array*)
 .fini_array    0x080002e4        0x4 c:/program files (x86)/gnu arm embedded toolchain/9 2020-q2-update/bin/../lib/gcc/arm-none-eabi/9.3.1/thumb/v7e-m+fp/hard/crtbegin.o
                [!provide]                PROVIDE (__fini_array_end = .)
                0x080002e8                . = ALIGN (0x4)
                0x080002e8                _sidata = LOADADDR (.data)

.data           0x20000000        0x0 load address 0x080002e8
                0x20000000                . = ALIGN (0x4)
                0x20000000                _sdata = .
 *(.data)
 *(.data*)
 *(.RamFunc)
 *(.RamFunc*)
                0x20000000                . = ALIGN (0x4)
                0x20000000                _edata = .

.igot.plt       0x20000000        0x0 load address 0x080002e8
 .igot.plt      0x20000000        0x0 c:/program files (x86)/gnu arm embedded toolchain/9 2020-q2-update/bin/../lib/gcc/arm-none-eabi/9.3.1/thumb/v7e-m+fp/hard/crtbegin.o
                0x20000000                . = ALIGN (0x4)

.bss            0x20000000       0x1c load address 0x080002e8
                0x20000000                _sbss = .
                0x20000000                __bss_start__ = _sbss
 *(.bss)
 .bss           0x20000000       0x1c c:/program files (x86)/gnu arm embedded toolchain/9 2020-q2-update/bin/../lib/gcc/arm-none-eabi/9.3.1/thumb/v7e-m+fp/hard/crtbegin.o
 *(.bss*)
 *(COMMON)
                0x2000001c                . = ALIGN (0x4)
                0x2000001c                _ebss = .
                0x2000001c                __bss_end__ = _ebss

._user_heap_stack
                0x2000001c      0x604 load address 0x080002e8
                0x20000020                . = ALIGN (0x8)
 *fill*         0x2000001c        0x4 
                [!provide]                PROVIDE (end = .)
                [!provide]                PROVIDE (_end = .)
                0x20000220                . = (. + _Min_Heap_Size)
 *fill*         0x20000020      0x200 
                0x20000620                . = (. + _Min_Stack_Size)
 *fill*         0x20000220      0x400 
                0x20000620                . = ALIGN (0x8)

/DISCARD/
 libc.a(*)
 libm.a(*)
 libgcc.a(*)

.ARM.attributes
                0x00000000       0x30
 *(.ARM.attributes)
 .ARM.attributes
                0x00000000       0x1e c:/program files (x86)/gnu arm embedded toolchain/9 2020-q2-update/bin/../lib/gcc/arm-none-eabi/9.3.1/thumb/v7e-m+fp/hard/crti.o
 .ARM.attributes
                0x0000001e       0x34 c:/program files (x86)/gnu arm embedded toolchain/9 2020-q2-update/bin/../lib/gcc/arm-none-eabi/9.3.1/thumb/v7e-m+fp/hard/crtbegin.o
 .ARM.attributes
                0x00000052       0x34 c:/program files (x86)/gnu arm embedded toolchain/9 2020-q2-update/bin/../lib/gcc/arm-none-eabi/9.3.1/../../../../arm-none-eabi/lib/thumb/v7e-m+fp/hard\libc_nano.a(lib_a-init.o)
 .ARM.attributes
                0x00000086       0x21 CMakeFiles/main.elf.dir/application/startup_stm32f412retx.s.obj
 .ARM.attributes
                0x000000a7       0x34 CMakeFiles/main.elf.dir/application/main.c.obj
 .ARM.attributes
                0x000000db       0x34 CMakeFiles/main.elf.dir/drivers/system_stm32f4xx.c.obj
 .ARM.attributes
                0x0000010f       0x1e c:/program files (x86)/gnu arm embedded toolchain/9 2020-q2-update/bin/../lib/gcc/arm-none-eabi/9.3.1/thumb/v7e-m+fp/hard/crtn.o
OUTPUT(main.elf elf32-littlearm)
LOAD linker stubs
LOAD c:/program files (x86)/gnu arm embedded toolchain/9 2020-q2-update/bin/../lib/gcc/arm-none-eabi/9.3.1/../../../../arm-none-eabi/lib/thumb/v7e-m+fp/hard\libc.a
LOAD c:/program files (x86)/gnu arm embedded toolchain/9 2020-q2-update/bin/../lib/gcc/arm-none-eabi/9.3.1/../../../../arm-none-eabi/lib/thumb/v7e-m+fp/hard\libm.a
LOAD c:/program files (x86)/gnu arm embedded toolchain/9 2020-q2-update/bin/../lib/gcc/arm-none-eabi/9.3.1/thumb/v7e-m+fp/hard\libgcc.a

.debug_frame    0x00000000       0xac
 .debug_frame   0x00000000       0x2c c:/program files (x86)/gnu arm embedded toolchain/9 2020-q2-update/bin/../lib/gcc/arm-none-eabi/9.3.1/../../../../arm-none-eabi/lib/thumb/v7e-m+fp/hard\libc_nano.a(lib_a-init.o)
 .debug_frame   0x0000002c       0x28 CMakeFiles/main.elf.dir/application/main.c.obj
 .debug_frame   0x00000054       0x58 CMakeFiles/main.elf.dir/drivers/system_stm32f4xx.c.obj

.debug_line     0x00000000      0x859
 .debug_line    0x00000000       0xcc CMakeFiles/main.elf.dir/application/startup_stm32f412retx.s.obj
 .debug_line    0x000000cc      0x3a3 CMakeFiles/main.elf.dir/application/main.c.obj
 .debug_line    0x0000046f      0x3ea CMakeFiles/main.elf.dir/drivers/system_stm32f4xx.c.obj

.debug_info     0x00000000      0x6d3
 .debug_info    0x00000000       0x22 CMakeFiles/main.elf.dir/application/startup_stm32f412retx.s.obj
 .debug_info    0x00000022      0x133 CMakeFiles/main.elf.dir/application/main.c.obj
 .debug_info    0x00000155      0x57e CMakeFiles/main.elf.dir/drivers/system_stm32f4xx.c.obj

.debug_abbrev   0x00000000      0x1d7
 .debug_abbrev  0x00000000       0x12 CMakeFiles/main.elf.dir/application/startup_stm32f412retx.s.obj
 .debug_abbrev  0x00000012       0x9c CMakeFiles/main.elf.dir/application/main.c.obj
 .debug_abbrev  0x000000ae      0x129 CMakeFiles/main.elf.dir/drivers/system_stm32f4xx.c.obj

.debug_aranges  0x00000000       0x70
 .debug_aranges
                0x00000000       0x28 CMakeFiles/main.elf.dir/application/startup_stm32f412retx.s.obj
 .debug_aranges
                0x00000028       0x20 CMakeFiles/main.elf.dir/application/main.c.obj
 .debug_aranges
                0x00000048       0x28 CMakeFiles/main.elf.dir/drivers/system_stm32f4xx.c.obj

.debug_str      0x00000000    0x7fd9d
 .debug_str     0x00000000       0xc8 CMakeFiles/main.elf.dir/application/startup_stm32f412retx.s.obj
 .debug_str     0x000000c8    0x7fa89 CMakeFiles/main.elf.dir/application/main.c.obj
                              0x7fc5f (size before relaxing)
 .debug_str     0x0007fb51      0x24c CMakeFiles/main.elf.dir/drivers/system_stm32f4xx.c.obj
                              0x7fe50 (size before relaxing)

.debug_ranges   0x00000000       0x48
 .debug_ranges  0x00000000       0x20 CMakeFiles/main.elf.dir/application/startup_stm32f412retx.s.obj
 .debug_ranges  0x00000020       0x10 CMakeFiles/main.elf.dir/application/main.c.obj
 .debug_ranges  0x00000030       0x18 CMakeFiles/main.elf.dir/drivers/system_stm32f4xx.c.obj

.debug_macro    0x00000000    0x16a21
 .debug_macro   0x00000000       0xce CMakeFiles/main.elf.dir/application/main.c.obj
 .debug_macro   0x000000ce      0xa9c CMakeFiles/main.elf.dir/application/main.c.obj
 .debug_macro   0x00000b6a       0x2e CMakeFiles/main.elf.dir/application/main.c.obj
 .debug_macro   0x00000b98       0x28 CMakeFiles/main.elf.dir/application/main.c.obj
 .debug_macro   0x00000bc0       0x22 CMakeFiles/main.elf.dir/application/main.c.obj
 .debug_macro   0x00000be2       0x56 CMakeFiles/main.elf.dir/application/main.c.obj
 .debug_macro   0x00000c38       0x51 CMakeFiles/main.elf.dir/application/main.c.obj
 .debug_macro   0x00000c89      0x103 CMakeFiles/main.elf.dir/application/main.c.obj
 .debug_macro   0x00000d8c       0x6a CMakeFiles/main.elf.dir/application/main.c.obj
 .debug_macro   0x00000df6      0x1df CMakeFiles/main.elf.dir/application/main.c.obj
 .debug_macro   0x00000fd5       0x1c CMakeFiles/main.elf.dir/application/main.c.obj
 .debug_macro   0x00000ff1       0x22 CMakeFiles/main.elf.dir/application/main.c.obj
 .debug_macro   0x00001013       0xdf CMakeFiles/main.elf.dir/application/main.c.obj
 .debug_macro   0x000010f2     0x102d CMakeFiles/main.elf.dir/application/main.c.obj
 .debug_macro   0x0000211f      0x11f CMakeFiles/main.elf.dir/application/main.c.obj
 .debug_macro   0x0000223e    0x1469c CMakeFiles/main.elf.dir/application/main.c.obj
 .debug_macro   0x000168da       0x6d CMakeFiles/main.elf.dir/application/main.c.obj
 .debug_macro   0x00016947       0xda CMakeFiles/main.elf.dir/drivers/system_stm32f4xx.c.obj

.comment        0x00000000       0x4c
 .comment       0x00000000       0x4c CMakeFiles/main.elf.dir/application/main.c.obj
                                 0x4d (size before relaxing)
 .comment       0x0000004c       0x4d CMakeFiles/main.elf.dir/drivers/system_stm32f4xx.c.obj

Cross Reference Table

Symbol                                            File
ADC_IRQHandler                                    CMakeFiles/main.elf.dir/application/startup_stm32f412retx.s.obj
AHBPrescTable                                     CMakeFiles/main.elf.dir/drivers/system_stm32f4xx.c.obj
APBPrescTable                                     CMakeFiles/main.elf.dir/drivers/system_stm32f4xx.c.obj
BusFault_Handler                                  CMakeFiles/main.elf.dir/application/startup_stm32f412retx.s.obj
CAN1_RX0_IRQHandler                               CMakeFiles/main.elf.dir/application/startup_stm32f412retx.s.obj
CAN1_RX1_IRQHandler                               CMakeFiles/main.elf.dir/application/startup_stm32f412retx.s.obj
CAN1_SCE_IRQHandler                               CMakeFiles/main.elf.dir/application/startup_stm32f412retx.s.obj
CAN1_TX_IRQHandler                                CMakeFiles/main.elf.dir/application/startup_stm32f412retx.s.obj
CAN2_RX0_IRQHandler                               CMakeFiles/main.elf.dir/application/startup_stm32f412retx.s.obj
CAN2_RX1_IRQHandler                               CMakeFiles/main.elf.dir/application/startup_stm32f412retx.s.obj
CAN2_SCE_IRQHandler                               CMakeFiles/main.elf.dir/application/startup_stm32f412retx.s.obj
CAN2_TX_IRQHandler                                CMakeFiles/main.elf.dir/application/startup_stm32f412retx.s.obj
DFSDM1_FLT0_IRQHandler                            CMakeFiles/main.elf.dir/application/startup_stm32f412retx.s.obj
DFSDM1_FLT1_IRQHandler                            CMakeFiles/main.elf.dir/application/startup_stm32f412retx.s.obj
DMA1_Stream0_IRQHandler                           CMakeFiles/main.elf.dir/application/startup_stm32f412retx.s.obj
DMA1_Stream1_IRQHandler                           CMakeFiles/main.elf.dir/application/startup_stm32f412retx.s.obj
DMA1_Stream2_IRQHandler                           CMakeFiles/main.elf.dir/application/startup_stm32f412retx.s.obj
DMA1_Stream3_IRQHandler                           CMakeFiles/main.elf.dir/application/startup_stm32f412retx.s.obj
DMA1_Stream4_IRQHandler                           CMakeFiles/main.elf.dir/application/startup_stm32f412retx.s.obj
DMA1_Stream5_IRQHandler                           CMakeFiles/main.elf.dir/application/startup_stm32f412retx.s.obj
DMA1_Stream6_IRQHandler                           CMakeFiles/main.elf.dir/application/startup_stm32f412retx.s.obj
DMA1_Stream7_IRQHandler                           CMakeFiles/main.elf.dir/application/startup_stm32f412retx.s.obj
DMA2_Stream0_IRQHandler                           CMakeFiles/main.elf.dir/application/startup_stm32f412retx.s.obj
DMA2_Stream1_IRQHandler                           CMakeFiles/main.elf.dir/application/startup_stm32f412retx.s.obj
DMA2_Stream2_IRQHandler                           CMakeFiles/main.elf.dir/application/startup_stm32f412retx.s.obj
DMA2_Stream3_IRQHandler                           CMakeFiles/main.elf.dir/application/startup_stm32f412retx.s.obj
DMA2_Stream4_IRQHandler                           CMakeFiles/main.elf.dir/application/startup_stm32f412retx.s.obj
DMA2_Stream5_IRQHandler                           CMakeFiles/main.elf.dir/application/startup_stm32f412retx.s.obj
DMA2_Stream6_IRQHandler                           CMakeFiles/main.elf.dir/application/startup_stm32f412retx.s.obj
DMA2_Stream7_IRQHandler                           CMakeFiles/main.elf.dir/application/startup_stm32f412retx.s.obj
DebugMon_Handler                                  CMakeFiles/main.elf.dir/application/startup_stm32f412retx.s.obj
Default_Handler                                   CMakeFiles/main.elf.dir/application/startup_stm32f412retx.s.obj
EXTI0_IRQHandler                                  CMakeFiles/main.elf.dir/application/startup_stm32f412retx.s.obj
EXTI15_10_IRQHandler                              CMakeFiles/main.elf.dir/application/startup_stm32f412retx.s.obj
EXTI1_IRQHandler                                  CMakeFiles/main.elf.dir/application/startup_stm32f412retx.s.obj
EXTI2_IRQHandler                                  CMakeFiles/main.elf.dir/application/startup_stm32f412retx.s.obj
EXTI3_IRQHandler                                  CMakeFiles/main.elf.dir/application/startup_stm32f412retx.s.obj
EXTI4_IRQHandler                                  CMakeFiles/main.elf.dir/application/startup_stm32f412retx.s.obj
EXTI9_5_IRQHandler                                CMakeFiles/main.elf.dir/application/startup_stm32f412retx.s.obj
FLASH_IRQHandler                                  CMakeFiles/main.elf.dir/application/startup_stm32f412retx.s.obj
FMPI2C1_ER_IRQHandler                             CMakeFiles/main.elf.dir/application/startup_stm32f412retx.s.obj
FMPI2C1_EV_IRQHandler                             CMakeFiles/main.elf.dir/application/startup_stm32f412retx.s.obj
FPU_IRQHandler                                    CMakeFiles/main.elf.dir/application/startup_stm32f412retx.s.obj
HardFault_Handler                                 CMakeFiles/main.elf.dir/application/startup_stm32f412retx.s.obj
I2C1_ER_IRQHandler                                CMakeFiles/main.elf.dir/application/startup_stm32f412retx.s.obj
I2C1_EV_IRQHandler                                CMakeFiles/main.elf.dir/application/startup_stm32f412retx.s.obj
I2C2_ER_IRQHandler                                CMakeFiles/main.elf.dir/application/startup_stm32f412retx.s.obj
I2C2_EV_IRQHandler                                CMakeFiles/main.elf.dir/application/startup_stm32f412retx.s.obj
I2C3_ER_IRQHandler                                CMakeFiles/main.elf.dir/application/startup_stm32f412retx.s.obj
I2C3_EV_IRQHandler                                CMakeFiles/main.elf.dir/application/startup_stm32f412retx.s.obj
MemManage_Handler                                 CMakeFiles/main.elf.dir/application/startup_stm32f412retx.s.obj
NMI_Handler                                       CMakeFiles/main.elf.dir/application/startup_stm32f412retx.s.obj
OTG_FS_IRQHandler                                 CMakeFiles/main.elf.dir/application/startup_stm32f412retx.s.obj
OTG_FS_WKUP_IRQHandler                            CMakeFiles/main.elf.dir/application/startup_stm32f412retx.s.obj
PVD_IRQHandler                                    CMakeFiles/main.elf.dir/application/startup_stm32f412retx.s.obj
PendSV_Handler                                    CMakeFiles/main.elf.dir/application/startup_stm32f412retx.s.obj
QUADSPI_IRQHandler                                CMakeFiles/main.elf.dir/application/startup_stm32f412retx.s.obj
RCC_IRQHandler                                    CMakeFiles/main.elf.dir/application/startup_stm32f412retx.s.obj
RNG_IRQHandler                                    CMakeFiles/main.elf.dir/application/startup_stm32f412retx.s.obj
RTC_Alarm_IRQHandler                              CMakeFiles/main.elf.dir/application/startup_stm32f412retx.s.obj
RTC_WKUP_IRQHandler                               CMakeFiles/main.elf.dir/application/startup_stm32f412retx.s.obj
Reset_Handler                                     CMakeFiles/main.elf.dir/application/startup_stm32f412retx.s.obj
SDIO_IRQHandler                                   CMakeFiles/main.elf.dir/application/startup_stm32f412retx.s.obj
SPI1_IRQHandler                                   CMakeFiles/main.elf.dir/application/startup_stm32f412retx.s.obj
SPI2_IRQHandler                                   CMakeFiles/main.elf.dir/application/startup_stm32f412retx.s.obj
SPI3_IRQHandler                                   CMakeFiles/main.elf.dir/application/startup_stm32f412retx.s.obj
SPI4_IRQHandler                                   CMakeFiles/main.elf.dir/application/startup_stm32f412retx.s.obj
SPI5_IRQHandler                                   CMakeFiles/main.elf.dir/application/startup_stm32f412retx.s.obj
SVC_Handler                                       CMakeFiles/main.elf.dir/application/startup_stm32f412retx.s.obj
SysTick_Handler                                   CMakeFiles/main.elf.dir/application/startup_stm32f412retx.s.obj
SystemCoreClock                                   CMakeFiles/main.elf.dir/drivers/system_stm32f4xx.c.obj
SystemCoreClockUpdate                             CMakeFiles/main.elf.dir/drivers/system_stm32f4xx.c.obj
SystemInit                                        CMakeFiles/main.elf.dir/drivers/system_stm32f4xx.c.obj
                                                  CMakeFiles/main.elf.dir/application/startup_stm32f412retx.s.obj
TAMP_STAMP_IRQHandler                             CMakeFiles/main.elf.dir/application/startup_stm32f412retx.s.obj
TIM1_BRK_TIM9_IRQHandler                          CMakeFiles/main.elf.dir/application/startup_stm32f412retx.s.obj
TIM1_CC_IRQHandler                                CMakeFiles/main.elf.dir/application/startup_stm32f412retx.s.obj
TIM1_TRG_COM_TIM11_IRQHandler                     CMakeFiles/main.elf.dir/application/startup_stm32f412retx.s.obj
TIM1_UP_TIM10_IRQHandler                          CMakeFiles/main.elf.dir/application/startup_stm32f412retx.s.obj
TIM2_IRQHandler                                   CMakeFiles/main.elf.dir/application/startup_stm32f412retx.s.obj
TIM3_IRQHandler                                   CMakeFiles/main.elf.dir/application/startup_stm32f412retx.s.obj
TIM4_IRQHandler                                   CMakeFiles/main.elf.dir/application/startup_stm32f412retx.s.obj
TIM5_IRQHandler                                   CMakeFiles/main.elf.dir/application/startup_stm32f412retx.s.obj
TIM6_IRQHandler                                   CMakeFiles/main.elf.dir/application/startup_stm32f412retx.s.obj
TIM7_IRQHandler                                   CMakeFiles/main.elf.dir/application/startup_stm32f412retx.s.obj
TIM8_BRK_TIM12_IRQHandler                         CMakeFiles/main.elf.dir/application/startup_stm32f412retx.s.obj
TIM8_CC_IRQHandler                                CMakeFiles/main.elf.dir/application/startup_stm32f412retx.s.obj
TIM8_TRG_COM_TIM14_IRQHandler                     CMakeFiles/main.elf.dir/application/startup_stm32f412retx.s.obj
TIM8_UP_TIM13_IRQHandler                          CMakeFiles/main.elf.dir/application/startup_stm32f412retx.s.obj
USART1_IRQHandler                                 CMakeFiles/main.elf.dir/application/startup_stm32f412retx.s.obj
USART2_IRQHandler                                 CMakeFiles/main.elf.dir/application/startup_stm32f412retx.s.obj
USART3_IRQHandler                                 CMakeFiles/main.elf.dir/application/startup_stm32f412retx.s.obj
USART6_IRQHandler                                 CMakeFiles/main.elf.dir/application/startup_stm32f412retx.s.obj
UsageFault_Handler                                CMakeFiles/main.elf.dir/application/startup_stm32f412retx.s.obj
WWDG_IRQHandler                                   CMakeFiles/main.elf.dir/application/startup_stm32f412retx.s.obj
__bss_end__                                       c:/program files (x86)/gnu arm embedded toolchain/9 2020-q2-update/bin/../lib/gcc/arm-none-eabi/9.3.1/../../../../arm-none-eabi/lib/thumb/v7e-m+fp/hard/crt0.o
__bss_start__                                     c:/program files (x86)/gnu arm embedded toolchain/9 2020-q2-update/bin/../lib/gcc/arm-none-eabi/9.3.1/../../../../arm-none-eabi/lib/thumb/v7e-m+fp/hard/crt0.o
__call_exitprocs                                  c:/program files (x86)/gnu arm embedded toolchain/9 2020-q2-update/bin/../lib/gcc/arm-none-eabi/9.3.1/../../../../arm-none-eabi/lib/thumb/v7e-m+fp/hard\libc_nano.a(lib_a-exit.o)
__deregister_frame_info                           c:/program files (x86)/gnu arm embedded toolchain/9 2020-q2-update/bin/../lib/gcc/arm-none-eabi/9.3.1/thumb/v7e-m+fp/hard/crtbegin.o
__dso_handle                                      c:/program files (x86)/gnu arm embedded toolchain/9 2020-q2-update/bin/../lib/gcc/arm-none-eabi/9.3.1/thumb/v7e-m+fp/hard/crtbegin.o
__init_array_end                                  c:/program files (x86)/gnu arm embedded toolchain/9 2020-q2-update/bin/../lib/gcc/arm-none-eabi/9.3.1/../../../../arm-none-eabi/lib/thumb/v7e-m+fp/hard\libc_nano.a(lib_a-init.o)
__init_array_start                                c:/program files (x86)/gnu arm embedded toolchain/9 2020-q2-update/bin/../lib/gcc/arm-none-eabi/9.3.1/../../../../arm-none-eabi/lib/thumb/v7e-m+fp/hard\libc_nano.a(lib_a-init.o)
__libc_fini_array                                 c:/program files (x86)/gnu arm embedded toolchain/9 2020-q2-update/bin/../lib/gcc/arm-none-eabi/9.3.1/../../../../arm-none-eabi/lib/thumb/v7e-m+fp/hard/crt0.o
__libc_init_array                                 c:/program files (x86)/gnu arm embedded toolchain/9 2020-q2-update/bin/../lib/gcc/arm-none-eabi/9.3.1/../../../../arm-none-eabi/lib/thumb/v7e-m+fp/hard\libc_nano.a(lib_a-init.o)
                                                  CMakeFiles/main.elf.dir/application/startup_stm32f412retx.s.obj
                                                  c:/program files (x86)/gnu arm embedded toolchain/9 2020-q2-update/bin/../lib/gcc/arm-none-eabi/9.3.1/../../../../arm-none-eabi/lib/thumb/v7e-m+fp/hard/crt0.o
__preinit_array_end                               c:/program files (x86)/gnu arm embedded toolchain/9 2020-q2-update/bin/../lib/gcc/arm-none-eabi/9.3.1/../../../../arm-none-eabi/lib/thumb/v7e-m+fp/hard\libc_nano.a(lib_a-init.o)
__preinit_array_start                             c:/program files (x86)/gnu arm embedded toolchain/9 2020-q2-update/bin/../lib/gcc/arm-none-eabi/9.3.1/../../../../arm-none-eabi/lib/thumb/v7e-m+fp/hard\libc_nano.a(lib_a-init.o)
__register_frame_info                             c:/program files (x86)/gnu arm embedded toolchain/9 2020-q2-update/bin/../lib/gcc/arm-none-eabi/9.3.1/thumb/v7e-m+fp/hard/crtbegin.o
__sf_fake_stderr                                  c:/program files (x86)/gnu arm embedded toolchain/9 2020-q2-update/bin/../lib/gcc/arm-none-eabi/9.3.1/../../../../arm-none-eabi/lib/thumb/v7e-m+fp/hard\libc_nano.a(lib_a-impure.o)
__sf_fake_stdin                                   c:/program files (x86)/gnu arm embedded toolchain/9 2020-q2-update/bin/../lib/gcc/arm-none-eabi/9.3.1/../../../../arm-none-eabi/lib/thumb/v7e-m+fp/hard\libc_nano.a(lib_a-impure.o)
__sf_fake_stdout                                  c:/program files (x86)/gnu arm embedded toolchain/9 2020-q2-update/bin/../lib/gcc/arm-none-eabi/9.3.1/../../../../arm-none-eabi/lib/thumb/v7e-m+fp/hard\libc_nano.a(lib_a-impure.o)
__stack                                           c:/program files (x86)/gnu arm embedded toolchain/9 2020-q2-update/bin/../lib/gcc/arm-none-eabi/9.3.1/../../../../arm-none-eabi/lib/thumb/v7e-m+fp/hard/crt0.o
_ebss                                             CMakeFiles/main.elf.dir/application/startup_stm32f412retx.s.obj
_edata                                            CMakeFiles/main.elf.dir/application/startup_stm32f412retx.s.obj
_estack                                           CMakeFiles/main.elf.dir/application/startup_stm32f412retx.s.obj
_exit                                             c:/program files (x86)/gnu arm embedded toolchain/9 2020-q2-update/bin/../lib/gcc/arm-none-eabi/9.3.1/../../../../arm-none-eabi/lib/thumb/v7e-m+fp/hard\libnosys.a(_exit.o)
                                                  c:/program files (x86)/gnu arm embedded toolchain/9 2020-q2-update/bin/../lib/gcc/arm-none-eabi/9.3.1/../../../../arm-none-eabi/lib/thumb/v7e-m+fp/hard\libc_nano.a(lib_a-exit.o)
_fini                                             c:/program files (x86)/gnu arm embedded toolchain/9 2020-q2-update/bin/../lib/gcc/arm-none-eabi/9.3.1/thumb/v7e-m+fp/hard/crti.o
_global_impure_ptr                                c:/program files (x86)/gnu arm embedded toolchain/9 2020-q2-update/bin/../lib/gcc/arm-none-eabi/9.3.1/../../../../arm-none-eabi/lib/thumb/v7e-m+fp/hard\libc_nano.a(lib_a-impure.o)
                                                  c:/program files (x86)/gnu arm embedded toolchain/9 2020-q2-update/bin/../lib/gcc/arm-none-eabi/9.3.1/../../../../arm-none-eabi/lib/thumb/v7e-m+fp/hard\libc_nano.a(lib_a-exit.o)
_impure_ptr                                       c:/program files (x86)/gnu arm embedded toolchain/9 2020-q2-update/bin/../lib/gcc/arm-none-eabi/9.3.1/../../../../arm-none-eabi/lib/thumb/v7e-m+fp/hard\libc_nano.a(lib_a-impure.o)
_init                                             c:/program files (x86)/gnu arm embedded toolchain/9 2020-q2-update/bin/../lib/gcc/arm-none-eabi/9.3.1/thumb/v7e-m+fp/hard/crti.o
                                                  c:/program files (x86)/gnu arm embedded toolchain/9 2020-q2-update/bin/../lib/gcc/arm-none-eabi/9.3.1/../../../../arm-none-eabi/lib/thumb/v7e-m+fp/hard\libc_nano.a(lib_a-init.o)
_mainCRTStartup                                   c:/program files (x86)/gnu arm embedded toolchain/9 2020-q2-update/bin/../lib/gcc/arm-none-eabi/9.3.1/../../../../arm-none-eabi/lib/thumb/v7e-m+fp/hard/crt0.o
_sbss                                             CMakeFiles/main.elf.dir/application/startup_stm32f412retx.s.obj
_sdata                                            CMakeFiles/main.elf.dir/application/startup_stm32f412retx.s.obj
_sidata                                           CMakeFiles/main.elf.dir/application/startup_stm32f412retx.s.obj
_stack_init                                       c:/program files (x86)/gnu arm embedded toolchain/9 2020-q2-update/bin/../lib/gcc/arm-none-eabi/9.3.1/../../../../arm-none-eabi/lib/thumb/v7e-m+fp/hard/crt0.o
_start                                            c:/program files (x86)/gnu arm embedded toolchain/9 2020-q2-update/bin/../lib/gcc/arm-none-eabi/9.3.1/../../../../arm-none-eabi/lib/thumb/v7e-m+fp/hard/crt0.o
atexit                                            c:/program files (x86)/gnu arm embedded toolchain/9 2020-q2-update/bin/../lib/gcc/arm-none-eabi/9.3.1/../../../../arm-none-eabi/lib/thumb/v7e-m+fp/hard/crt0.o
exit                                              c:/program files (x86)/gnu arm embedded toolchain/9 2020-q2-update/bin/../lib/gcc/arm-none-eabi/9.3.1/../../../../arm-none-eabi/lib/thumb/v7e-m+fp/hard\libc_nano.a(lib_a-exit.o)
                                                  c:/program files (x86)/gnu arm embedded toolchain/9 2020-q2-update/bin/../lib/gcc/arm-none-eabi/9.3.1/../../../../arm-none-eabi/lib/thumb/v7e-m+fp/hard/crt0.o
g_pfnVectors                                      CMakeFiles/main.elf.dir/application/startup_stm32f412retx.s.obj
hardware_init_hook                                c:/program files (x86)/gnu arm embedded toolchain/9 2020-q2-update/bin/../lib/gcc/arm-none-eabi/9.3.1/../../../../arm-none-eabi/lib/thumb/v7e-m+fp/hard/crt0.o
main                                              CMakeFiles/main.elf.dir/application/main.c.obj
                                                  CMakeFiles/main.elf.dir/application/startup_stm32f412retx.s.obj
                                                  c:/program files (x86)/gnu arm embedded toolchain/9 2020-q2-update/bin/../lib/gcc/arm-none-eabi/9.3.1/../../../../arm-none-eabi/lib/thumb/v7e-m+fp/hard/crt0.o
memset                                            c:/program files (x86)/gnu arm embedded toolchain/9 2020-q2-update/bin/../lib/gcc/arm-none-eabi/9.3.1/../../../../arm-none-eabi/lib/thumb/v7e-m+fp/hard\libc_nano.a(lib_a-memset.o)
                                                  c:/program files (x86)/gnu arm embedded toolchain/9 2020-q2-update/bin/../lib/gcc/arm-none-eabi/9.3.1/../../../../arm-none-eabi/lib/thumb/v7e-m+fp/hard/crt0.o
software_init_hook                                c:/program files (x86)/gnu arm embedded toolchain/9 2020-q2-update/bin/../lib/gcc/arm-none-eabi/9.3.1/../../../../arm-none-eabi/lib/thumb/v7e-m+fp/hard/crt0.o
